// Jest Snapshot v1, https://goo.gl/fbAQLP

exports[`TestModule renders correctly 1`] = `
<div>
  Hello Etherspot UI
</div>
`;
